// Vitest Snapshot v1, https://vitest.dev/guide/snapshot.html

exports[`Profile 4 > getAllRunningOrders 1`] = `
"<mos>
  <ncsID>their.mos.id</ncsID>
  <mosID>our.mos.id</mosID>
  <messageID>xx</messageID>
  <roReqAll/>
</mos>"
`;

exports[`Profile 4 > getAllRunningOrders 2`] = `
[
  {
    "EditorialDuration": {
      "_mosDuration": 1800,
    },
    "EditorialStart": {
      "_mosTime": 1247331600000,
      "_timezone": "Z",
      "_timezoneOffset": 0,
    },
    "ID": {
      "_mosString128": "5PM",
    },
    "MosExternalMetaData": [
      {
        "MosPayload": {
          "Approved": "0",
          "Creator": "SHOLMES",
          "ModBy": "LJOHNSTON",
          "Owner": "SHOLMES",
          "TextTime": "278",
          "mediaTime": "0",
        },
        "MosSchema": "https://ncsA4.com/mos/supported_schemas/NCSAXML2.08",
        "MosScope": "PLAYLIST",
      },
    ],
    "Slug": {
      "_mosString128": "5PM Rundown",
    },
    "Trigger": {
      "_mosString128": "MANUAL",
    },
  },
  {
    "EditorialDuration": {
      "_mosDuration": 1800,
    },
    "EditorialStart": {
      "_mosTime": 1247162400000,
      "_timezone": "Z",
      "_timezoneOffset": 0,
    },
    "ID": {
      "_mosString128": "6PM",
    },
    "MosExternalMetaData": [
      {
        "MosPayload": {
          "Approved": "1",
          "Creator": "SHOLMES",
          "ModBy": "BSMITH",
          "Owner": "SHOLMES",
          "TextTime": "350",
          "mediaTime": "0",
        },
        "MosSchema": "https://ncsA4.com/mos/supported_schemas/NCSAXML2.08",
        "MosScope": "PLAYLIST",
      },
    ],
    "Slug": {
      "_mosString128": "6PM Rundown",
    },
    "Trigger": {
      "_mosString128": "MANUAL",
    },
  },
]
`;

exports[`Profile 4 > onRunningOrderStory > <mos>
  <ncsID>their.mos.id</ncsID>
  <mosID>our.mos.id</mosID>
  <messageID>1633</messageID>
  <roAck>
    <roID>runningOrderId</roID>
    <roStatus>OK</roStatus>
  </roAck>
</mos> 1`] = `
"<mos>
  <ncsID>their.mos.id</ncsID>
  <mosID>our.mos.id</mosID>
  <messageID>1633</messageID>
  <roAck>
    <roID>runningOrderId</roID>
    <roStatus>OK</roStatus>
  </roAck>
</mos>"
`;

exports[`Profile 4 > onRunningOrderStory 1`] = `
[
  [
    {
      "Body": [
        {
          "Content": {
            "$name": "p",
            "$type": "element",
          },
          "Type": "p",
          "itemType": "other",
        },
        {
          "Content": {
            "ID": {
              "_mosString128": "2",
            },
            "MOSID": "METADATA.NRK.MOS",
            "MosExternalMetaData": [
              {
                "MosPayload": {
                  "nrk": {
                    "attributes": {
                      "changedBy": "N11580",
                      "changetime": "2014-10-06T13:24:32 +02:00",
                      "type": "video",
                    },
                    "description": "",
                    "hbbtv": {
                      "link": "",
                    },
                    "rights": {
                      "notes": "",
                      "owner": "NRK",
                      "text": "Green",
                    },
                    "title": "",
                  },
                },
                "MosSchema": "https://MOSA4.com/mos/supported_schemas/MOSAXML2.08",
                "MosScope": "PLAYLIST",
              },
            ],
            "ObjectID": {
              "_mosString128": "N11580_1412594672",
            },
            "ObjectSlug": {
              "_mosString128": "M:",
            },
            "Slug": {
              "_mosString128": "SAK BUSKERUD;SAK-14",
            },
            "mosAbstract": "METADATA",
          },
          "Type": "storyItem",
          "itemType": "storyItem",
        },
        {
          "Content": {
            "$name": "p",
            "$type": "element",
          },
          "Type": "p",
          "itemType": "other",
        },
        {
          "Content": {
            "$name": "p",
            "$type": "element",
          },
          "Type": "p",
          "itemType": "other",
        },
        {
          "Content": {
            "$name": "p",
            "$type": "element",
          },
          "Type": "p",
          "itemType": "other",
        },
        {
          "Content": {
            "Channel": {
              "_mosString128": "CG1",
            },
            "ID": {
              "_mosString128": "3",
            },
            "MOSID": "chyron.techycami02.ndte.nrk.mos",
            "MosObjects": [
              {
                "Duration": 0,
                "ID": {
                  "_mosString128": "NYHETER\\00039287?version=1",
                },
                "MosAbstractStr": "",
                "MosExternalMetaData": [
                  {
                    "MosPayload": {
                      "ObjectDetails": {
                        "ServerID": "chyron.techycami02.ndte.n    --------------------------------------------------------    rk.mos",
                        "ServerURL": "https://160.68.33.159/CAMIO/Redirection/MOSRedirection.asmx",
                      },
                      "createdBy": "N12050",
                      "sAVeom": "00:00:05:00",
                      "sAVsom": "00:00:02:00",
                      "subtype": "lyric/data",
                      "subtypeid": "I:\\CAMIO\\NYHETER\\Templates\\Super\\00000001.lyr",
                    },
                    "MosSchema": "https://ncsA4.com/mos/supported_schemas/NCSAXML2.08",
                    "MosScope": "PLAYLIST",
                  },
                ],
                "MosItemEditorProgID": {
                  "_mosString128": "Chymox.AssetBrowser.1",
                },
                "Paths": [
                  {
                    "Description": "JPEG Thumbnail",
                    "Target": "https://160.68.33.159/thumbs/NYHETER/39000/Objects_NYHETER_00039287_v1_big.jpg",
                    "Type": "PROXY PATH",
                  },
                ],
                "Slug": {
                  "_mosString128": "01 ett navn 1:  2:",
                },
                "TimeBase": 0,
                "Type": "OTHER",
              },
            ],
            "ObjectID": {
              "_mosString128": "",
            },
            "Paths": [
              {
                "Description": "JPEG Thumbnail",
                "Target": "https://160.68.33.159/thumbs/NYHETER/39000/Objects_NYHETER_00039287_v1_big.jpg",
                "Type": "PROXY PATH",
              },
            ],
            "Slug": {
              "_mosString128": "01 ett navn 1:  2:",
            },
            "mosAbstract": "_00:00:02:00 | @M=Auto Timed | 01 ett navn | 1: | 2: | 3: | 4: | 00:00:05:00",
          },
          "Type": "storyItem",
          "itemType": "storyItem",
        },
        {
          "Content": {
            "$name": "p",
            "$type": "element",
          },
          "Type": "p",
          "itemType": "other",
        },
        {
          "Content": {
            "Channel": {
              "_mosString128": "CG1",
            },
            "ID": {
              "_mosString128": "4",
            },
            "MOSID": "chyron.techycami02.ndte.nrk.mos",
            "MosObjects": [
              {
                "Duration": 0,
                "ID": {
                  "_mosString128": "NYHETER\\00039288?version=1",
                },
                "MosAbstractStr": "",
                "MosExternalMetaData": [
                  {
                    "MosPayload": {
                      "ObjectDetails": {
                        "ServerID": "chyron.techycami02.ndte.nrk.mos",
                        "ServerURL": "https://160.68.33.159/CAMIO/Redirection/MOSRedirection.asmx",
                      },
                      "createdBy": "N12050",
                      "sAVeom": "00:00:05:00",
                      "sAVsom": "00:00:02:00",
                      "subtype": "lyric/data",
                      "subtypeid": "I:\\CAMIO\\NYHETER\\Templates\\Super\\00000001.lyr",
                    },
                    "MosSchema": "https://ncsA4.com/mos/supported_schemas/NCSAXML2.08",
                    "MosScope": "PLAYLIST",
                  },
                ],
                "MosItemEditorProgID": {
                  "_mosString128": "Chymox.AssetBrowser.1",
                },
                "Paths": [
                  {
                    "Description": "JPEG Thumbnail",
                    "Target": "https://160.68.33.159/thumbs/NYHETER/39000/Objects_NYHETER_00039288_v1_big.jpg",
                    "Type": "PROXY PATH",
                  },
                ],
                "Slug": {
                  "_mosString128": "01 ett navn 1:  2:",
                },
                "TimeBase": 0,
                "Type": "OTHER",
              },
            ],
            "ObjectID": {
              "_mosString128": "",
            },
            "Paths": [
              {
                "Description": "JPEG Thumbnail",
                "Target": "https://160.68.33.159/thumbs/NYHETER/39000/Objects_NYHETER_00039288_v1_big.jpg",
                "Type": "PROXY PATH",
              },
            ],
            "Slug": {
              "_mosString128": "01 ett navn 1:  2:",
            },
            "mosAbstract": "_00:00:02:00 | @M=Auto Timed | 01 ett navn | 1: | 2: | 3: | 4: | 00:00:05:00",
          },
          "Type": "storyItem",
          "itemType": "storyItem",
        },
        {
          "Content": {
            "$name": "p",
            "$type": "element",
          },
          "Type": "p",
          "itemType": "other",
        },
        {
          "Content": {
            "Channel": {
              "_mosString128": "CG1",
            },
            "ID": {
              "_mosString128": "5",
            },
            "MOSID": "chyron.techycami02.ndte.nrk.mos",
            "MosObjects": [
              {
                "Duration": 0,
                "ID": {
                  "_mosString128": "NYHETER\\00039289?version=1",
                },
                "MosAbstractStr": "",
                "MosExternalMetaData": [
                  {
                    "MosPayload": {
                      "ObjectDetails": {
                        "ServerID": "chyron.techycami02.ndte.nrk.mos",
                        "ServerURL": "https://160.68.33.159/CAMIO/Redirection/MOSRedirection.asmx",
                      },
                      "createdBy": "N12050",
                      "sAVeom": "00:00:05:00",
                      "sAVsom": "00:00:02:00",
                      "subtype": "lyric/data",
                      "subtypeid": "I:\\CAMIO\\NYHETER\\Templates\\Super\\00000001.lyr",
                    },
                    "MosSchema": "https://ncsA4.com/mos/supported_schemas/NCSAXML2.08",
                    "MosScope": "PLAYLIST",
                  },
                ],
                "MosItemEditorProgID": {
                  "_mosString128": "Chymox.AssetBrowser.1",
                },
                "Paths": [
                  {
                    "Description": "JPEG Thumbnail",
                    "Target": "https://160.68.33.159/thumbs/NYHETER/39000/Objects_NYHETER_00039289_v1_big.jpg",
                    "Type": "PROXY PATH",
                  },
                ],
                "Slug": {
                  "_mosString128": "01 ett navn 1:  2:",
                },
                "TimeBase": 0,
                "Type": "OTHER",
              },
            ],
            "ObjectID": {
              "_mosString128": "",
            },
            "Paths": [
              {
                "Description": "JPEG Thumbnail",
                "Target": "https://160.68.33.159/thumbs/NYHETER/39000/Objects_NYHETER_00039289_v1_big.jpg",
                "Type": "PROXY PATH",
              },
            ],
            "Slug": {
              "_mosString128": "01 ett navn 1:  2:",
            },
            "mosAbstract": "_00:00:02:00 | @M=Auto Timed | 01 ett navn | 1: | 2: | 3: | 4: | 00:00:05:00",
          },
          "Type": "storyItem",
          "itemType": "storyItem",
        },
        {
          "Content": {
            "$name": "p",
            "$type": "element",
          },
          "Type": "p",
          "itemType": "other",
        },
        {
          "Content": {
            "Channel": {
              "_mosString128": "CG1",
            },
            "ID": {
              "_mosString128": "6",
            },
            "MOSID": "chyron.techycami02.ndte.nrk.mos",
            "MosObjects": [
              {
                "Duration": 0,
                "ID": {
                  "_mosString128": "NYHETER\\00039290?version=1",
                },
                "MosAbstractStr": "",
                "MosExternalMetaData": [
                  {
                    "MosPayload": {
                      "ObjectDetails": {
                        "ServerID": "chyron.techycami02.ndte.nrk.mos",
                        "ServerURL": "https://160.68.33.159/CAMIO/Redirection/MOSRedirection.asmx",
                      },
                      "createdBy": "N12050",
                      "sAVeom": "00:00:05:00",
                      "sAVsom": "00:00:02:00",
                      "subtype": "lyric/data",
                      "subtypeid": "I:\\CAMIO\\NYHETER\\Templates\\Super\\00000001.lyr",
                    },
                    "MosSchema": "https://ncsA4.com/mos/supported_schemas/NCSAXML2.08",
                    "MosScope": "PLAYLIST",
                  },
                ],
                "MosItemEditorProgID": {
                  "_mosString128": "Chymox.AssetBrowser.1",
                },
                "Paths": [
                  {
                    "Description": "JPEG Thumbnail",
                    "Target": "https://160.68.33.159/thumbs/NYHETER/39000/Objects_NYHETER_00039290_v1_big.jpg",
                    "Type": "PROXY PATH",
                  },
                ],
                "Slug": {
                  "_mosString128": "01 ett navn 1:  2:",
                },
                "TimeBase": 0,
                "Type": "OTHER",
              },
            ],
            "ObjectID": {
              "_mosString128": "",
            },
            "Paths": [
              {
                "Description": "JPEG Thumbnail",
                "Target": "https://160.68.33.159/thumbs/NYHETER/39000/Objects_NYHETER_00039290_v1_big.jpg",
                "Type": "PROXY PATH",
              },
            ],
            "Slug": {
              "_mosString128": "01 ett navn 1:  2:",
            },
            "mosAbstract": "_00:00:02:00 | @M=Auto Timed | 01 ett navn | 1: | 2: | 3: | 4: | 00:00:05:00",
          },
          "Type": "storyItem",
          "itemType": "storyItem",
        },
        {
          "Content": {
            "$name": "p",
            "$type": "element",
          },
          "Type": "p",
          "itemType": "other",
        },
        {
          "Content": {
            "Channel": {
              "_mosString128": "CG1",
            },
            "ID": {
              "_mosString128": "7",
            },
            "MOSID": "chyron.techycami02.ndte.nrk.mos",
            "MosObjects": [
              {
                "Duration": 0,
                "ID": {
                  "_mosString128": "NYHETER\\00039291?version=1",
                },
                "MosAbstractStr": "",
                "MosExternalMetaData": [
                  {
                    "MosPayload": {
                      "ObjectDetails": {
                        "ServerID": "chyron.techycami02.ndte.nrk.mos",
                        "ServerURL": "https://160.68.33.159/CAMIO/Redirection/MOSRedirection.asmx",
                      },
                      "createdBy": "N12050",
                      "sAVeom": "00:00:05:00",
                      "sAVsom": "00:00:02:00",
                      "subtype": "lyric/data",
                      "subtypeid": "I:\\CAMIO\\NYHETER\\Templates\\Super\\00000024.lyr",
                    },
                    "MosSchema": "https://ncsA4.com/mos/supported_schemas/NCSAXML2.08",
                    "MosScope": "PLAYLIST",
                  },
                ],
                "MosItemEditorProgID": {
                  "_mosString128": "Chymox.AssetBrowser.1",
                },
                "Paths": [
                  {
                    "Description": "JPEG Thumbnail",
                    "Target": "https://160.68.33.159/thumbs/NYHETER/39000/Objects_NYHETER_00039291_v1_big.jpg",
                    "Type": "PROXY PATH",
                  },
                ],
                "Slug": {
                  "_mosString128": "24 foto/red 1:Foto og redigering:  2:",
                },
                "TimeBase": 0,
                "Type": "OTHER",
              },
            ],
            "ObjectID": {
              "_mosString128": "",
            },
            "Paths": [
              {
                "Description": "JPEG Thumbnail",
                "Target": "https://160.68.33.159/thumbs/NYHETER/39000/Objects_NYHETER_00039291_v1_big.jpg",
                "Type": "PROXY PATH",
              },
            ],
            "Slug": {
              "_mosString128": "24 foto/red 1:Foto og redigering:  2:",
            },
            "mosAbstract": "_00:00:02:00 | @M=Auto Timed | 24 foto/red | 1:Foto og redigering: | 2: | 3: | 4: | 00:00:05:00",
          },
          "Type": "storyItem",
          "itemType": "storyItem",
        },
        {
          "Content": {
            "$name": "p",
            "$type": "element",
          },
          "Type": "p",
          "itemType": "other",
        },
        {
          "Content": {
            "$name": "p",
            "$type": "element",
          },
          "Type": "p",
          "itemType": "other",
        },
        {
          "Content": {
            "ID": {
              "_mosString128": "8",
            },
            "MOSID": "mosart.morten.mos",
            "ObjectID": {
              "_mosString128": "STORYSTATUS",
            },
            "ObjectSlug": {
              "_mosString128": "Story status",
            },
            "Slug": {
              "_mosString128": "SAK BUSKERUD;SAK-20",
            },
            "mosAbstract": "TIDSMARKØR IKKE RØR",
          },
          "Type": "storyItem",
          "itemType": "storyItem",
        },
        {
          "Content": {
            "$name": "p",
            "$type": "element",
          },
          "Type": "p",
          "itemType": "other",
        },
      ],
      "ID": {
        "_mosString128": "2012R2ENPS8VM;P_ENPSNEWS\\W\\R_696297DF-1568-4B36-B43B3B79514B40D4;1DAF0044-CA12-47BA-9F6CEFF33B3874FB",
      },
      "MosExternalMetaData": [
        {
          "MosPayload": {
            "Approved": "0",
            "Creator": "LINUXENPS",
            "ENPSItemType": "3",
            "MOSItemDurations": "0 0 0 0 0",
            "MOSItemEdDurations": "",
            "MOSObjSlugs": "M:   01 ett navn 1:  2:
   01 ett navn 1:  2:
   01 ett navn 1:  2:
   01 ett navn 1:  2:
   24 foto/red 1:Foto og redigering:  2:   Story status",
            "MOSSlugs": "SAK BUSKERUD;SAK-14
   01 ett navn 1:  2:
   01 ett navn 1:  2:
   01 ett navn 1:  2:
   01 ett navn 1:  2:
   24 foto/red 1:Foto og redigering:  2:   SAK BUSKERUD;SAK-20",
            "MediaTime": "0",
            "ModBy": "LINUXENPS",
            "ModTime": "20180227T004205Z",
            "Owner": "LINUXENPS",
            "SourceMediaTime": "0",
            "SourceTextTime": "0",
            "StoryProducer": "DKTE",
            "TextTime": "0",
            "mosartType": "FULL",
            "pubApproved": "0",
          },
          "MosSchema": "https://2012R2ENPS8VM:10505/schema/enps.dtd",
          "MosScope": "PLAYLIST",
        },
      ],
      "RunningOrderId": {
        "_mosString128": "2012R2ENPS8VM;P_ENPSNEWS\\W;696297DF-1568-4B36-B43B3B79514B40D4",
      },
      "Slug": {
        "_mosString128": "KRITIKK ETTER BRANN KONGSBERG;SAK",
      },
    },
  ],
]
`;

exports[`Profile 4 > onRunningOrderStory, string MosPayload > <mos>
  <ncsID>their.mos.id</ncsID>
  <mosID>our.mos.id</mosID>
  <messageID>1635</messageID>
  <roAck>
    <roID>runningOrderId</roID>
    <roStatus>OK</roStatus>
  </roAck>
</mos> 1`] = `
"<mos>
  <ncsID>their.mos.id</ncsID>
  <mosID>our.mos.id</mosID>
  <messageID>1635</messageID>
  <roAck>
    <roID>runningOrderId</roID>
    <roStatus>OK</roStatus>
  </roAck>
</mos>"
`;

exports[`Profile 4 > onRunningOrderStory, string MosPayload 1`] = `
[
  [
    {
      "Body": [
        {
          "Content": {
            "ID": {
              "_mosString128": "2",
            },
            "MOSID": "METADATA.NRK.MOS",
            "MosExternalMetaData": [
              {
                "MosPayload": "THIS IS A STRING",
                "MosSchema": "https://MOSA4.com/mos/supported_schemas/MOSAXML2.08",
                "MosScope": "PLAYLIST",
              },
            ],
            "ObjectID": {
              "_mosString128": "N11580_1412594672",
            },
            "ObjectSlug": {
              "_mosString128": "M:",
            },
            "Slug": {
              "_mosString128": "SAK BUSKERUD;SAK-14",
            },
            "mosAbstract": "METADATA",
          },
          "Type": "storyItem",
          "itemType": "storyItem",
        },
        {
          "Content": {
            "$name": "p",
            "$type": "text",
            "text": "a text",
          },
          "Type": "p",
          "itemType": "other",
        },
      ],
      "ID": {
        "_mosString128": "2012R2ENPS8VM;P_ENPSNEWS\\W\\R_696297DF-1568-4B36-B43B3B79514B40D4;1DAF0044-CA12-47BA-9F6CEFF33B3874FB",
      },
      "MosExternalMetaData": [
        {
          "MosPayload": "THIS IS ANOTHER STRING",
          "MosSchema": "https://2012R2ENPS8VM:10505/schema/enps.dtd",
          "MosScope": "PLAYLIST",
        },
      ],
      "RunningOrderId": {
        "_mosString128": "2012R2ENPS8VM;P_ENPSNEWS\\W;696297DF-1568-4B36-B43B3B79514B40D4",
      },
      "Slug": {
        "_mosString128": "KRITIKK ETTER BRANN KONGSBERG;SAK",
      },
    },
  ],
]
`;

exports[`Profile 4 > onRunningOrderStory-single > <mos>
  <ncsID>their.mos.id</ncsID>
  <mosID>our.mos.id</mosID>
  <messageID>1634</messageID>
  <roAck>
    <roID>runningOrderId</roID>
    <roStatus>OK</roStatus>
  </roAck>
</mos> 1`] = `
"<mos>
  <ncsID>their.mos.id</ncsID>
  <mosID>our.mos.id</mosID>
  <messageID>1634</messageID>
  <roAck>
    <roID>runningOrderId</roID>
    <roStatus>OK</roStatus>
  </roAck>
</mos>"
`;

exports[`Profile 4 > onRunningOrderStory-single 1`] = `
[
  [
    {
      "Body": [
        {
          "Content": {
            "ID": {
              "_mosString128": "item0",
            },
            "MOSID": "mos0",
            "ObjectID": {
              "_mosString128": "object0",
            },
            "Trigger": "CHAINED",
          },
          "Type": "storyItem",
          "itemType": "storyItem",
        },
      ],
      "ID": {
        "_mosString128": "story0",
      },
      "RunningOrderId": {
        "_mosString128": "roID0",
      },
      "Slug": {
        "_mosString128": "My Story",
      },
    },
  ],
]
`;
