// Jest Snapshot v1, https://jestjs.io/docs/snapshot-testing

exports[`Profile 0 - Open Media (non strict) requestMachineInfo - empty <time> 1`] = `
"<mos>
  <ncsID>their.mos.id</ncsID>
  <mosID>our.mos.id</mosID>
  <messageID>xx</messageID>
  <reqMachInfo/>
</mos>"
`;

exports[`Profile 0 - Open Media (non strict) requestMachineInfo - missing <opTime> 1`] = `
"<mos>
  <ncsID>their.mos.id</ncsID>
  <mosID>our.mos.id</mosID>
  <messageID>xx</messageID>
  <reqMachInfo/>
</mos>"
`;

exports[`Profile 0 - Open Media (non strict) requestMachineInfo - missing <time> 1`] = `
"<mos>
  <ncsID>their.mos.id</ncsID>
  <mosID>our.mos.id</mosID>
  <messageID>xx</messageID>
  <reqMachInfo/>
</mos>"
`;
