// Jest Snapshot v1, https://goo.gl/fbAQLP

exports[`Profile 3 mosItemReplace 1`] = `
"<mos>
  <ncsID>their.mos.id</ncsID>
  <mosID>our.mos.id</mosID>
  <messageID>xx</messageID>
  <mosItemReplace>
    <roID>roX</roID>
    <storyID>storyY</storyID>
    <item>
      <itemID>abc</itemID>
      <objID>Object0</objID>
      <mosID>our.mos.id</mosID>
      <itemSlug>my cool Object</itemSlug>
      <objDur>250</objDur>
      <objTB>25</objTB>
    </item>
  </mosItemReplace>
</mos>"
`;

exports[`Profile 3 mosItemReplace 2`] = `
{
  "ID": {
    "_mosString128": "96857485",
  },
  "Status": {
    "_mosString128": "Unknown object M000133",
  },
  "Stories": [
    {
      "ID": {
        "_mosString128": "5983A501:0049B924:8390EF2B",
      },
      "Items": [
        {
          "Channel": {
            "_mosString128": "",
          },
          "ID": {
            "_mosString128": "0",
          },
          "Objects": [
            {
              "ID": {
                "_mosString128": "M000224",
              },
              "Status": "LOADED",
            },
          ],
        },
      ],
    },
    {
      "ID": {
        "_mosString128": "3854737F:0003A34D:983A0B28",
      },
      "Items": [
        {
          "Channel": {
            "_mosString128": "",
          },
          "ID": {
            "_mosString128": "0",
          },
          "Objects": [
            {
              "ID": {
                "_mosString128": "M000133",
              },
              "Status": "UNKNOWN",
            },
          ],
        },
      ],
    },
  ],
  "_messageID": 0,
  "mosTypes": {
    "mosDuration": {
      "create": [Function],
      "fallback": [Function],
      "is": [Function],
      "stringify": [Function],
      "validate": [Function],
      "valueOf": [Function],
    },
    "mosString128": {
      "create": [Function],
      "fallback": [Function],
      "is": [Function],
      "stringify": [Function],
      "validate": [Function],
      "valueOf": [Function],
    },
    "mosTime": {
      "create": [Function],
      "fallback": [Function],
      "is": [Function],
      "stringify": [Function],
      "validate": [Function],
      "valueOf": [Function],
    },
    "strict": false,
  },
  "port": "upper",
  "strict": false,
}
`;

exports[`Profile 3 mosObjCreate 1`] = `
"<mos>
  <ncsID>their.mos.id</ncsID>
  <mosID>our.mos.id</mosID>
  <messageID>xx</messageID>
  <mosObjCreate>
    <objID>abc</objID>
    <objSlug>my cool Object</objSlug>
    <objType>VIDEO</objType>
    <objTB>25</objTB>
    <objRev/>
    <objDur>250</objDur>
    <status/>
    <objAir/>
    <createdBy/>
    <created/>
  </mosObjCreate>
</mos>"
`;

exports[`Profile 3 mosObjCreate 2`] = `
{
  "Description": {
    "_mosString128": "",
  },
  "ID": {
    "_mosString128": "M000123",
  },
  "Revision": 1,
  "Status": "ACK",
}
`;

exports[`Profile 3 mosReqSearchableSchema 1`] = `
"<mos>
  <ncsID>their.mos.id</ncsID>
  <mosID>our.mos.id</mosID>
  <messageID>xx</messageID>
  <mosReqSearchableSchema username="myUsername"/>
</mos>"
`;

exports[`Profile 3 mosReqSearchableSchema 2`] = `
{
  "mosSchema": "https://MOSA4.com/mos/supported_schemas/MOSAXML2.08",
  "username": "myUsername",
}
`;

exports[`Profile 3 mosRequestObjectList 1`] = `
"<mos>
  <ncsID>their.mos.id</ncsID>
  <mosID>our.mos.id</mosID>
  <messageID>xx</messageID>
  <mosReqObjList username="jbob">
    <username>jbob</username>
    <queryID>A392938329kdakd2039300d0s9l3l9d0bzAQ</queryID>
    <listReturnStart>1</listReturnStart>
    <listReturnEnd>20</listReturnEnd>
    <generalSearch>boats</generalSearch>
    <mosSchema/>
  </mosReqObjList>
</mos>"
`;

exports[`Profile 3 mosRequestObjectList 2`] = `
{
  "list": [
    {
      "AirStatus": "READY",
      "Changed": {
        "_mosTime": 909877152000,
        "_timezone": "Z",
        "_timezoneOffset": 0,
      },
      "ChangedBy": {
        "_mosString128": "Chris",
      },
      "Created": {
        "_mosTime": 909877152000,
        "_timezone": "Z",
        "_timezoneOffset": 0,
      },
      "CreatedBy": {
        "_mosString128": "Chris",
      },
      "Description": {
        "elements": [
          {
            "$name": "p",
            "$type": "element",
            "elements": [
              {
                "$type": "text",
                "text": "Exterior footage of",
              },
              {
                "$name": "em",
                "$type": "text",
                "text": "Baley Park Hotel",
              },
              {
                "$type": "text",
                "text": "on fire with natural sound. Trucks are visible for the first portion of the clip.",
              },
              {
                "$name": "em",
                "$type": "text",
                "text": "CG locator at 0:04 and duration 0:05, Baley Park Hotel.",
              },
            ],
          },
          {
            "$name": "p",
            "$type": "element",
            "elements": [
              {
                "$name": "tab",
                "$type": "element",
              },
              {
                "$type": "text",
                "text": "Cuts to view of fire personnel exiting hotel lobby and cleaning up after the fire is out.",
              },
            ],
          },
          {
            "$name": "p",
            "$type": "element",
            "em": "Clip has been doubled for pad on voice over.",
          },
        ],
      },
      "DescriptionStr": "Exterior footage of Baley Park Hotel on fire with natural sound. Trucks are visible for the first portion of the clip. CG locator at 0:04 and duration 0:05, Baley Park Hotel.
Cuts to view of fire personnel exiting hotel lobby and cleaning up after the fire is out.
Clip has been doubled for pad on voice over.",
      "Duration": 1800,
      "Group": "Show 7",
      "ID": {
        "_mosString128": "M000121",
      },
      "MosAbstract": {
        "elements": [
          {
            "$name": "b",
            "$type": "text",
            "text": "Hotel Fire",
          },
          {
            "$name": "em",
            "$type": "text",
            "text": "vo",
          },
        ],
      },
      "MosAbstractStr": "Hotel Fire vo",
      "MosExternalMetaData": [
        {
          "MosPayload": {
            "Approved": "0",
            "Creator": "SHOLMES",
            "ModBy": "LJOHNSTON",
            "ModTime": "20010308142001",
            "Owner": "SHOLMES",
            "TextTime": "278",
            "mediaTime": "0",
          },
          "MosSchema": "https://MOSA4.com/mos/supported_schemas/MOSAXML2.08",
          "MosScope": "STORY",
        },
      ],
      "Paths": [
        {
          "Description": "MPEG2                            Video",
          "Target": "\\server\\media\\clip392028cd2320s0d.mxf",
          "Type": "PATH",
        },
        {
          "Description": "WM9 750Kbps",
          "Target": "https://server/proxy/clipe.wmv",
          "Type": "PROXY PATH",
        },
        {
          "Description": "MOS Object",
          "Target": "https://server/proxy/clipe.xml",
          "Type": "METADATA PATH",
        },
      ],
      "Revision": 1,
      "Slug": {
        "_mosString128": "Hotel Fire",
      },
      "Status": "NEW",
      "TimeBase": 59.94,
      "Type": "VIDEO",
    },
    {
      "AirStatus": "READY",
      "Changed": {
        "_mosTime": 909877152000,
        "_timezone": "Z",
        "_timezoneOffset": 0,
      },
      "ChangedBy": {
        "_mosString128": "Chris",
      },
      "Created": {
        "_mosTime": 909877152000,
        "_timezone": "Z",
        "_timezoneOffset": 0,
      },
      "CreatedBy": {
        "_mosString128": "Chris",
      },
      "Description": {
        "elements": [
          {
            "$name": "p",
            "$type": "element",
            "elements": [
              {
                "$type": "text",
                "text": "Exterior footage of",
              },
              {
                "$name": "em",
                "$type": "text",
                "text": "Baley Park Hotel",
              },
              {
                "$type": "text",
                "text": "on fire with natural sound. Trucks are visible for the first portion of the clip.",
              },
              {
                "$name": "em",
                "$type": "text",
                "text": "CG locator at 0:04 and duration 0:05, Baley Park Hotel.",
              },
            ],
          },
          {
            "$name": "p",
            "$type": "element",
            "elements": [
              {
                "$name": "tab",
                "$type": "element",
              },
              {
                "$type": "text",
                "text": "Cuts to view of fire personnel exiting hotel lobby and cleaning up after the fire is out.",
              },
            ],
          },
          {
            "$name": "p",
            "$type": "element",
            "em": "Clip has been doubled for pad on voice over.",
          },
        ],
      },
      "DescriptionStr": "Exterior footage of Baley Park Hotel on fire with natural sound. Trucks are visible for the first portion of the clip. CG locator at 0:04 and duration 0:05, Baley Park Hotel.
Cuts to view of fire personnel exiting hotel lobby and cleaning up after the fire is out.
Clip has been doubled for pad on voice over.",
      "Duration": 1800,
      "Group": "Show 7",
      "ID": {
        "_mosString128": "M000122",
      },
      "MosAbstract": {
        "elements": [
          {
            "$name": "b",
            "$type": "text",
            "text": "Hotel Fire",
          },
          {
            "$name": "em",
            "$type": "text",
            "text": "vo",
          },
        ],
      },
      "MosAbstractStr": "Hotel Fire vo",
      "MosExternalMetaData": [
        {
          "MosPayload": {
            "Approved": "0",
            "Creator": "SHOLMES",
            "ModBy": "LJOHNSTON",
            "ModTime": "20010308142001",
            "Owner": "SHOLMES",
            "TextTime": "278",
            "mediaTime": "0",
          },
          "MosSchema": "https://MOSA4.com/mos/supported_schemas/MOSAXML2.08",
          "MosScope": "STORY",
        },
      ],
      "Paths": [
        {
          "Description": "MPEG2 Video",
          "Target": "\\server\\media\\clip392028cd2320s0d.mxf",
          "Type": "PATH",
        },
        {
          "Description": "WM9 750Kbps",
          "Target": "https://server/proxy/clipe.wmv",
          "Type": "PROXY PATH",
        },
        {
          "Description": "MOS Object",
          "Target": "https://server/proxy/clipe.xml",
          "Type": "METADATA PATH",
        },
      ],
      "Revision": 1,
      "Slug": {
        "_mosString128": "Another Hotel Fire",
      },
      "Status": "NEW",
      "TimeBase": 59.94,
      "Type": "VIDEO",
    },
    {
      "AirStatus": "READY",
      "Changed": {
        "_mosTime": 909877152000,
        "_timezone": "Z",
        "_timezoneOffset": 0,
      },
      "ChangedBy": {
        "_mosString128": "Chris",
      },
      "Created": {
        "_mosTime": 909877152000,
        "_timezone": "Z",
        "_timezoneOffset": 0,
      },
      "CreatedBy": {
        "_mosString128": "Chris",
      },
      "Description": {
        "elements": [
          {
            "$name": "p",
            "$type": "element",
            "elements": [
              {
                "$type": "text",
                "text": "Exterior footage of",
              },
              {
                "$name": "em",
                "$type": "text",
                "text": "Baley Park Hotel",
              },
              {
                "$type": "text",
                "text": "on fire with natural sound. Trucks are visible for the first portion of the clip.",
              },
              {
                "$name": "em",
                "$type": "text",
                "text": "CG locator at 0:04 and duration 0:05, Baley Park Hotel.",
              },
            ],
          },
          {
            "$name": "p",
            "$type": "element",
            "elements": [
              {
                "$name": "tab",
                "$type": "element",
              },
              {
                "$type": "text",
                "text": "Cuts to view of fire personnel exiting hotel lobby and cleaning up after the fire is out.",
              },
            ],
          },
          {
            "$name": "p",
            "$type": "element",
            "em": "Clip has been doubled for pad on voice over.",
          },
        ],
      },
      "DescriptionStr": "Exterior footage of Baley Park Hotel on fire with natural sound. Trucks are visible for the first portion of the clip. CG locator at 0:04 and duration 0:05, Baley Park Hotel.
Cuts to view of fire personnel exiting hotel lobby and cleaning up after the fire is out.
Clip has been doubled for pad on voice over.",
      "Duration": 1800,
      "Group": "Show 7",
      "ID": {
        "_mosString128": "M000123",
      },
      "MosAbstract": {
        "elements": [
          {
            "$name": "b",
            "$type": "text",
            "text": "Hotel Fire",
          },
          {
            "$name": "em",
            "$type": "text",
            "text": "vo",
          },
        ],
      },
      "MosAbstractStr": "Hotel Fire vo",
      "MosExternalMetaData": [
        {
          "MosPayload": {
            "Approved": "0",
            "Creator": "SHOLMES",
            "ModBy": "LJOHNSTON",
            "ModTime": "20010308142001",
            "Owner": "SHOLMES",
            "TextTime": "278",
            "mediaTime": "0",
          },
          "MosSchema": "https://MOSA4.com/mos/supported_schemas/MOSAXML2.08",
          "MosScope": "STORY",
        },
      ],
      "Paths": [
        {
          "Description": "MPEG2 Video",
          "Target": "\\server\\media\\clip392028cd2320s0d.mxf",
          "Type": "PATH",
        },
        {
          "Description": "WM9 750Kbps",
          "Target": "https://server/proxy/clipe.wmv",
          "Type": "PROXY PATH",
        },
        {
          "Description": "MOS Object",
          "Target": "https://server/proxy/clipe.xml",
          "Type": "METADATA PATH",
        },
      ],
      "Revision": 1,
      "Slug": {
        "_mosString128": "Yet Another Hotel Fire",
      },
      "Status": "NEW",
      "TimeBase": 59.94,
      "Type": "VIDEO",
    },
  ],
  "listReturnEnd": 20,
  "listReturnStart": 1,
  "listReturnTotal": 128,
  "queryID": "A392938329kdakd2039300d0s9l3l9d0bzAQ",
  "username": "jbob",
}
`;

exports[`Profile 3 onMosItemReplace 1`] = `
[
  [
    {
      "_mosString128": "",
    },
    {
      "_mosString128": "",
    },
    {
      "EditorialDuration": 815,
      "EditorialStart": 0,
      "ID": {
        "_mosString128": "30848",
      },
      "MOSID": "testmos.enps.com",
      "MacroIn": {
        "_mosString128": "c01/l04/dve07",
      },
      "MacroOut": {
        "_mosString128": "r00",
      },
      "MosExternalMetaData": [
        {
          "MosPayload": {
            "efxTime": "15",
            "fade": "17",
            "key": "110",
            "trigger": "837",
          },
          "MosSchema": "https://VENDOR/MOS/supportedSchemas/vvend280",
          "MosScope": "PLAYLIST",
        },
      ],
      "ObjectID": {
        "_mosString128": "M000627",
      },
      "Paths": [
        {
          "Description": "MPEG2 Video",
          "Target": "\\server\\media\\clip392028cd2320s0d.mxf",
          "Type": "PATH",
        },
        {
          "Description": "WM9 750Kbps",
          "Target": "https://server/proxy/clipe.wmv",
          "Type": "PROXY PATH",
        },
        {
          "Description": "MOS Object",
          "Target": "https://server/proxy/clipe.xml",
          "Type": "METADATA PATH",
        },
      ],
      "UserTimingDuration": 310,
    },
  ],
]
`;

exports[`Profile 3 onMosItemReplace: <mos>
  <ncsID>their.mos.id</ncsID>
  <mosID>our.mos.id</mosID>
  <messageID>1634</messageID>
  <roAck>
    <roID>runningOrderId</roID>
    <roStatus>OK</roStatus>
  </roAck>
</mos> 1`] = `
"<mos>
  <ncsID>their.mos.id</ncsID>
  <mosID>our.mos.id</mosID>
  <messageID>1634</messageID>
  <roAck>
    <roID>runningOrderId</roID>
    <roStatus>OK</roStatus>
  </roAck>
</mos>"
`;

exports[`Profile 3 onMosObjCreate 1`] = `
[
  [
    {
      "CreatedBy": {
        "_mosString128": "Chris",
      },
      "Description": {
        "elements": [
          {
            "$name": "p",
            "$type": "element",
            "elements": [
              {
                "$type": "text",
                "text": "Exterior footage of",
              },
              {
                "$name": "em",
                "$type": "text",
                "text": "Baley Park Hotel",
              },
              {
                "$type": "text",
                "text": "on fire with natural sound. Trucks are
				 visible for the first portion of the clip.",
              },
              {
                "$name": "em",
                "$type": "text",
                "text": "CG locator at 0:04 and duration 0:05, Baley Park
				 Hotel.",
              },
            ],
          },
          {
            "$name": "p",
            "$type": "element",
            "elements": [
              {
                "$name": "tab",
                "$type": "element",
              },
              {
                "$type": "text",
                "text": "Cuts to view of fire personnel exiting hotel lobby and cleaning up after the fire is out.",
              },
            ],
          },
          {
            "$name": "p",
            "$type": "element",
            "em": "Clip has been doubled for pad on voice over.",
          },
        ],
      },
      "DescriptionStr": "Exterior footage of Baley Park Hotel on fire with natural sound. Trucks are
				 visible for the first portion of the clip. CG locator at 0:04 and duration 0:05, Baley Park
				 Hotel.
Cuts to view of fire personnel exiting hotel lobby and cleaning up after the fire is out.
Clip has been doubled for pad on voice over.",
      "Duration": 1800,
      "Group": "Show 7",
      "MosAbstractStr": "",
      "MosExternalMetaData": [
        {
          "MosPayload": {
            "Approved": "0",
            "Creator": "SHOLMES",
            "ModBy": "LJOHNSTON",
            "ModTime": "20010308142001",
            "Owner": "SHOLMES",
            "TextTime": "278",
            "mediaTime": "0",
          },
          "MosSchema": "https://ncsA4.com/mos/supported_schemas/NCSAXML2.08",
          "MosScope": "STORY",
        },
      ],
      "Paths": [],
      "Slug": {
        "_mosString128": "Hotel Fire",
      },
      "TimeBase": 59.94,
      "Type": "VIDEO",
    },
  ],
]
`;

exports[`Profile 3 onMosObjCreate: <mos>
  <ncsID>their.mos.id</ncsID>
  <mosID>our.mos.id</mosID>
  <messageID>1633</messageID>
  <mosAck>
    <objID>runningOrderId</objID>
    <objRev>1</objRev>
    <status>ACK</status>
    <statusDescription/>
  </mosAck>
</mos> 1`] = `
"<mos>
  <ncsID>their.mos.id</ncsID>
  <mosID>our.mos.id</mosID>
  <messageID>1633</messageID>
  <mosAck>
    <objID>runningOrderId</objID>
    <objRev>1</objRev>
    <status>ACK</status>
    <statusDescription/>
  </mosAck>
</mos>"
`;

exports[`Profile 3 onMosReqObjectActionDelete 1`] = `
[
  [
    {
      "_mosString128": "1EFA3009233F8329C1",
    },
  ],
]
`;

exports[`Profile 3 onMosReqObjectActionDelete: <mos>
  <ncsID>their.mos.id</ncsID>
  <mosID>our.mos.id</mosID>
  <messageID>1639</messageID>
  <mosAck>
    <objID>runningOrderId</objID>
    <objRev>1</objRev>
    <status>ACK</status>
    <statusDescription/>
  </mosAck>
</mos> 1`] = `
"<mos>
  <ncsID>their.mos.id</ncsID>
  <mosID>our.mos.id</mosID>
  <messageID>1639</messageID>
  <mosAck>
    <objID>runningOrderId</objID>
    <objRev>1</objRev>
    <status>ACK</status>
    <statusDescription/>
  </mosAck>
</mos>"
`;

exports[`Profile 3 onMosReqObjectActionNew 1`] = `
[
  [
    {
      "CreatedBy": {
        "_mosString128": "Chris",
      },
      "Description": {
        "elements": [
          {
            "$name": "p",
            "$type": "element",
            "elements": [
              {
                "$type": "text",
                "text": "Exterior footage of",
              },
              {
                "$name": "em",
                "$type": "text",
                "text": "Baley Park Hotel",
              },
              {
                "$type": "text",
                "text": "on fire with natural sound. Trucks are
				visible for the first portion of the clip.",
              },
              {
                "$name": "em",
                "$type": "text",
                "text": "CG locator at 0:04 and duration 0:05, Baley Park
				Hotel.",
              },
            ],
          },
          {
            "$name": "p",
            "$type": "element",
            "elements": [
              {
                "$name": "tab",
                "$type": "element",
              },
              {
                "$type": "text",
                "text": "Cuts to view of fire personnel exiting hotel lobby and cleaning up after the fire is out.",
              },
            ],
          },
          {
            "$name": "p",
            "$type": "element",
            "em": "Clip has been doubled for pad on voice over.",
          },
        ],
      },
      "DescriptionStr": "Exterior footage of Baley Park Hotel on fire with natural sound. Trucks are
				visible for the first portion of the clip. CG locator at 0:04 and duration 0:05, Baley Park
				Hotel.
Cuts to view of fire personnel exiting hotel lobby and cleaning up after the fire is out.
Clip has been doubled for pad on voice over.",
      "Duration": 1800,
      "Group": "Show 7",
      "MosAbstractStr": "",
      "MosExternalMetaData": [
        {
          "MosPayload": {
            "Approved": "0",
            "Creator": "SHOLMES",
            "ModBy": "LJOHNSTON",
            "ModTime": "20010308142001",
            "Owner": "SHOLMES",
            "TextTime": "278",
            "mediaTime": "0",
          },
          "MosSchema": "https://ncsA4.com/mos/supported_schemas/NCSAXML2.08",
          "MosScope": "STORY",
        },
      ],
      "Paths": [],
      "Slug": {
        "_mosString128": "Hotel Fire",
      },
      "TimeBase": 59.94,
      "Type": "VIDEO",
    },
  ],
]
`;

exports[`Profile 3 onMosReqObjectActionNew: <mos>
  <ncsID>their.mos.id</ncsID>
  <mosID>our.mos.id</mosID>
  <messageID>1637</messageID>
  <mosAck>
    <objID>runningOrderId</objID>
    <objRev>1</objRev>
    <status>ACK</status>
    <statusDescription/>
  </mosAck>
</mos> 1`] = `
"<mos>
  <ncsID>their.mos.id</ncsID>
  <mosID>our.mos.id</mosID>
  <messageID>1637</messageID>
  <mosAck>
    <objID>runningOrderId</objID>
    <objRev>1</objRev>
    <status>ACK</status>
    <statusDescription/>
  </mosAck>
</mos>"
`;

exports[`Profile 3 onMosReqObjectActionUpdate 1`] = `
[
  [
    {
      "_mosString128": "1EFA3009233F8329C1",
    },
    {
      "CreatedBy": {
        "_mosString128": "Chris",
      },
      "Description": {
        "elements": [
          {
            "$name": "p",
            "$type": "element",
            "elements": [
              {
                "$type": "text",
                "text": "Exterior footage of",
              },
              {
                "$name": "em",
                "$type": "text",
                "text": "Baley Park Hotel",
              },
              {
                "$type": "text",
                "text": "on fire with natural sound. Trucks are
			visible for the first portion of the clip.",
              },
              {
                "$name": "em",
                "$type": "text",
                "text": "CG locator at 0:04 and duration 0:05, Baley Park
			Hotel.",
              },
            ],
          },
          {
            "$name": "p",
            "$type": "element",
            "elements": [
              {
                "$name": "tab",
                "$type": "element",
              },
              {
                "$type": "text",
                "text": "Cuts to view of fire personnel exiting hotel lobby and cleaning up after the fire is out.",
              },
            ],
          },
          {
            "$name": "p",
            "$type": "element",
            "em": "Clip has been doubled for pad on voice over.",
          },
        ],
      },
      "DescriptionStr": "Exterior footage of Baley Park Hotel on fire with natural sound. Trucks are
			visible for the first portion of the clip. CG locator at 0:04 and duration 0:05, Baley Park
			Hotel.
Cuts to view of fire personnel exiting hotel lobby and cleaning up after the fire is out.
Clip has been doubled for pad on voice over.",
      "Duration": 1800,
      "Group": "Show 7",
      "ID": {
        "_mosString128": "1EFA3009233F8329C1",
      },
      "MosAbstractStr": "",
      "MosExternalMetaData": [
        {
          "MosPayload": {
            "Approved": "0",
            "Creator": "SHOLMES",
            "ModBy": "LJOHNSTON",
            "ModTime": "20010308142001",
            "Owner": "SHOLMES",
            "TextTime": "278",
            "mediaTime": "0",
          },
          "MosSchema": "https://ncsA4.com/mos/supported_schemas/NCSAXML2.08",
          "MosScope": "STORY",
        },
      ],
      "Paths": [],
      "Slug": {
        "_mosString128": "Hotel Fire",
      },
      "TimeBase": 59.94,
      "Type": "VIDEO",
    },
  ],
]
`;

exports[`Profile 3 onMosReqObjectActionUpdate: <mos>
  <ncsID>their.mos.id</ncsID>
  <mosID>our.mos.id</mosID>
  <messageID>1638</messageID>
  <mosAck>
    <objID>runningOrderId</objID>
    <objRev>1</objRev>
    <status>ACK</status>
    <statusDescription/>
  </mosAck>
</mos> 1`] = `
"<mos>
  <ncsID>their.mos.id</ncsID>
  <mosID>our.mos.id</mosID>
  <messageID>1638</messageID>
  <mosAck>
    <objID>runningOrderId</objID>
    <objRev>1</objRev>
    <status>ACK</status>
    <statusDescription/>
  </mosAck>
</mos>"
`;

exports[`Profile 3 onMosReqObjectList 1`] = `
[
  [
    {
      "generalSearch": {
        "_mosString128": "man bites dog",
      },
      "listReturnEnd": null,
      "listReturnStart": 1,
      "mosSchema": "https://MOSA4.com/mos/supported_schemas/MOSAXML2.08",
      "queryID": {
        "_mosString128": "123439392039393ade0393zdkdls",
      },
      "searchGroups": [
        {
          "searchFields": [
            {
              "XPath": "/Presenter [. ='Bob']",
              "sortByOrder": 1,
            },
            {
              "XPath": "/Slug [.='Dog Abuse']",
            },
            {
              "XPath": "/Video/Length [.>60 AND <120]",
              "sortByOrder": 2,
              "sortType": "DESCENDING",
            },
            {
              "XPath": "Producer [.!='Susan']",
              "sortByOrder": 3,
            },
          ],
        },
        {
          "searchFields": [
            {
              "XPath": "/Presenter [. ='Jennifer']",
              "sortByOrder": 1,
            },
            {
              "XPath": "/Slug [.='Big Mice in City']",
            },
            {
              "XPath": "/Video/Length [.>60 AND <120]",
              "sortByOrder": 2,
              "sortType": "DESCENDING",
            },
            {
              "XPath": "Producer [.!='Susan']",
              "sortByOrder": 3,
            },
          ],
        },
      ],
      "username": "jbob",
    },
  ],
]
`;

exports[`Profile 3 onMosReqObjectList: <mos>
  <ncsID>their.mos.id</ncsID>
  <mosID>our.mos.id</mosID>
  <messageID>1636</messageID>
  <mosObjList username="jbob">
    <queryID>A392938329kdakd2039300d0s9l3l9d0bzAQ</queryID>
    <listReturnStart>0</listReturnStart>
    <listReturnEnd>0</listReturnEnd>
    <listReturnTotal>0</listReturnTotal>
  </mosObjList>
</mos> 1`] = `
"<mos>
  <ncsID>their.mos.id</ncsID>
  <mosID>our.mos.id</mosID>
  <messageID>1636</messageID>
  <mosObjList username="jbob">
    <queryID>A392938329kdakd2039300d0s9l3l9d0bzAQ</queryID>
    <listReturnStart>0</listReturnStart>
    <listReturnEnd>0</listReturnEnd>
    <listReturnTotal>0</listReturnTotal>
  </mosObjList>
</mos>"
`;

exports[`Profile 3 onMosReqSearchableSchema 1`] = `
[
  [
    "jbob",
  ],
]
`;

exports[`Profile 3 onMosReqSearchableSchema: <mos>
  <ncsID>their.mos.id</ncsID>
  <mosID>our.mos.id</mosID>
  <messageID>1635</messageID>
  <mosListSearchableSchema username="jbob">
    <mosSchema>https://example.com/mosSearchableSchema</mosSchema>
  </mosListSearchableSchema>
</mos> 1`] = `
"<mos>
  <ncsID>their.mos.id</ncsID>
  <mosID>our.mos.id</mosID>
  <messageID>1635</messageID>
  <mosListSearchableSchema username="jbob">
    <mosSchema>https://example.com/mosSearchableSchema</mosSchema>
  </mosListSearchableSchema>
</mos>"
`;

exports[`Profile 3 sendMosReqObjectActionNew 1`] = `
"<mos>
  <ncsID>their.mos.id</ncsID>
  <mosID>our.mos.id</mosID>
  <messageID>xx</messageID>
  <mosReqObjAction operation="NEW">
    <objSlug>abc123</objSlug>
    <objType>VIDEO</objType>
    <objTB>25</objTB>
    <objRev/>
    <objDur>500</objDur>
    <status/>
    <objAir/>
    <createdBy/>
    <created/>
  </mosReqObjAction>
</mos>"
`;

exports[`Profile 3 sendMosReqObjectActionUpdateDelete 1`] = `
"<mos>
  <ncsID>their.mos.id</ncsID>
  <mosID>our.mos.id</mosID>
  <messageID>xx</messageID>
  <mosReqObjAction operation="DELETE" objID="OBJID1234"/>
</mos>"
`;

exports[`Profile 3 sendMosReqObjectActionUpdateUpdate 1`] = `
"<mos>
  <ncsID>their.mos.id</ncsID>
  <mosID>our.mos.id</mosID>
  <messageID>xx</messageID>
  <mosReqObjAction operation="UPDATE" objID="OBJID1234">
    <objSlug>abc123</objSlug>
    <objType>VIDEO</objType>
    <objTB>25</objTB>
    <objRev/>
    <objDur>500</objDur>
    <status/>
    <objAir/>
    <createdBy/>
    <created/>
  </mosReqObjAction>
</mos>"
`;

exports[`Profile 3 sendRunningOrderStory 1`] = `
"<mos>
  <ncsID>their.mos.id</ncsID>
  <mosID>our.mos.id</mosID>
  <messageID>xx</messageID>
  <roStorySend>
    <storyID>5983A501:0049B924:8390EF1F</storyID>
    <roID>96857485</roID>
    <storyBody>
      <storyItem>
        <itemID>ID</itemID>
        <objID>ObjectID</objID>
        <mosID>MOSID</mosID>
        <objPaths>
          <objPath techDescription="The one true path">/asdfasdf/asdf/asdf/qwerty</objPath>
        </objPaths>
        <mosExternalMetadata>
          <mosScope>PLAYLIST</mosScope>
          <mosSchema>schema://mock</mosSchema>
          <mosPayload>
            <attr0>1</attr0>
            <attr1>
              <inner>two</inner>
            </attr1>
          </mosPayload>
        </mosExternalMetadata>
        <itemSlug>Slug</itemSlug>
        <itemEdStart>1</itemEdStart>
        <itemEdDur>2</itemEdDur>
        <itemUserTimingDur>5</itemUserTimingDur>
        <itemTrigger>Trigger</itemTrigger>
        <mosAbstract>mosAbstract</mosAbstract>
        <objSlug>ObjectSlug</objSlug>
        <itemChannel>Channel</itemChannel>
        <objDur>3</objDur>
        <objTB>4</objTB>
        <macroIn>MacroIn</macroIn>
        <macroOut>MacroOut</macroOut>
        <mosObj>
          <objID>ID</objID>
          <objSlug>Slug</objSlug>
          <mosAbstract>MosAbstract</mosAbstract>
          <objGroup>Group</objGroup>
          <objType>OTHER</objType>
          <objTB>25</objTB>
          <objRev>123</objRev>
          <objDur>510</objDur>
          <status>READY</status>
          <objAir>READY</objAir>
          <objPaths>
            <objPath techDescription="The one true path">/asdfasdf/asdf/asdf/qwerty/mosobject</objPath>
          </objPaths>
          <createdBy>CreatedBy</createdBy>
          <created>1970-01-01T00:02:03,456</created>
          <changedBy>ChangedBy</changedBy>
          <changed>1970-01-01T00:02:03,457</changed>
          <description>this is a description</description>
          <mosItemEditorProgID>MosItemEditorProgID</mosItemEditorProgID>
          <mosExternalMetadata>
            <mosScope>STORY</mosScope>
            <mosSchema>schema://mock</mosSchema>
            <mosPayload>
              <attr0>1</attr0>
              <attr1>
                <inner>two</inner>
              </attr1>
            </mosPayload>
          </mosExternalMetadata>
        </mosObj>
      </storyItem>
    </storyBody>
  </roStorySend>
</mos>"
`;
